
Memory Configuration

Name             Origin             Length             Attributes
*default*        0x0000000000000000 0xffffffffffffffff

Linker script and memory map

LOAD /home/yqiu/riscv64/bin/../lib/gcc/riscv64-unknown-elf/12.2.0/libgcc.a
LOAD printf.o
LOAD /home/yqiu/riscv64/bin/../lib/gcc/riscv64-unknown-elf/12.2.0/libgcc.a
START GROUP
LOAD /home/yqiu/riscv64/bin/../lib/gcc/riscv64-unknown-elf/12.2.0/../../../../riscv64-unknown-elf/lib/libc.a
LOAD /home/yqiu/riscv64/bin/../lib/gcc/riscv64-unknown-elf/12.2.0/../../../../riscv64-unknown-elf/lib/libgloss.a
END GROUP
LOAD /home/yqiu/riscv64/bin/../lib/gcc/riscv64-unknown-elf/12.2.0/libgcc.a
                0x0000000000000000                . = 0x0

.text           0x0000000000000000      0xc36
 *(.text*)
 .text          0x0000000000000000      0xc36 printf.o
                0x0000000000000000                whisperPrintfImpl
                0x0000000000000ade                whisperPrintf
                0x0000000000000b02                putchar
                0x0000000000000b10                putc
                0x0000000000000b1e                puts
                0x0000000000000b8e                printf
                0x0000000000000bb2                get_mcycle
                0x0000000000000c36                _end = .

.rela.dyn       0x0000000000000c38        0x0
 .rela.text     0x0000000000000c38        0x0 printf.o
                0x0000000000010000                . = 0x10000

.data           0x0000000000010000       0x84
 *(.*data)
 .data          0x0000000000010000        0x0 printf.o
 .rodata        0x0000000000010000       0x84 printf.o
 *(.rodata*)
                0x0000000000018090                STACK = (ALIGN (0x10) + 0x8000)

.bss            0x0000000000010084        0x0
 *(.bss)
 .bss           0x0000000000010084        0x0 printf.o
                0x00000000d0580000                . = 0xd0580000

.data.io
 *(.data.io)
OUTPUT(printf.exe elf32-littleriscv)

.debug_info     0x0000000000000000      0x8d9
 .debug_info    0x0000000000000000      0x8d9 printf.o

.debug_abbrev   0x0000000000000000      0x2ee
 .debug_abbrev  0x0000000000000000      0x2ee printf.o

.debug_loclists
                0x0000000000000000     0x110a
 .debug_loclists
                0x0000000000000000     0x110a printf.o

.debug_aranges  0x0000000000000000       0x20
 .debug_aranges
                0x0000000000000000       0x20 printf.o

.debug_rnglists
                0x0000000000000000      0x759
 .debug_rnglists
                0x0000000000000000      0x759 printf.o

.debug_line     0x0000000000000000     0x2dd0
 .debug_line    0x0000000000000000     0x2dd0 printf.o

.debug_str      0x0000000000000000      0x1e2
 .debug_str     0x0000000000000000      0x1e2 printf.o
                                        0x22c (size before relaxing)

.debug_line_str
                0x0000000000000000      0x139
 .debug_line_str
                0x0000000000000000      0x139 printf.o
                                        0x167 (size before relaxing)

.comment        0x0000000000000000       0x1b
 .comment       0x0000000000000000       0x1b printf.o
                                         0x1c (size before relaxing)

.riscv.attributes
                0x0000000000000000       0x2a
 .riscv.attributes
                0x0000000000000000       0x2a printf.o

.debug_frame    0x0000000000000000       0xe8
 .debug_frame   0x0000000000000000       0xe8 printf.o
